// Jest Snapshot v1, https://goo.gl/fbAQLP

exports[`should render Tasks route component 1`] = `
Object {
  "asFragment": [Function],
  "baseElement": <body>
    <div>
      <div
        class="row g-0 vh-100"
        style="background-image: url(geometric-triangle-shapes-background.jpg); background-size: cover;"
      >
        <div
          class="col-12"
        >
          <div
            class="row g-0 bg-light p-2 shadow align-items-center"
          >
            <div
              class="col-2 col-md-1"
            >
              <a
                class="btn btn-light bi bi-arrow-left border"
                href="/"
              />
            </div>
            <div
              class="col-10 col-md-9 col-lg-10"
            >
              <h3
                class="m-0 text-center"
              >
                Tasks assigned to 
                John Smith
              </h3>
              <p
                class="text-secondary text-center"
              >
                Click on any item to expand/collapse its content
              </p>
            </div>
            <div
              class="col-1 col-md-2 col-lg-1 d-none d-md-block text-center"
            >
              <img
                alt="user"
                class="rounded-circle m-1"
                src="image_1"
                width="80"
              />
            </div>
          </div>
          <div
            class="row g-0 mt-3 justify-content-center overflow-auto tasks"
          >
            <div
              class="col-10"
            >
              <p
                class="bg-white rounded text-center p-1 undefined"
              >
                Completed 
                0
                 task
                s
                 of 
                2
                 (
                0
                %)
              </p>
              <div
                class="accordion"
              >
                <div
                  class="accordion-item"
                >
                  <h2
                    class="accordion-header"
                  >
                    <button
                      aria-expanded="false"
                      class="accordion-button collapsed"
                      type="button"
                    >
                      <h3>
                        Backlog
                        <span
                          class="badge bg-primary ms-2"
                        >
                          2
                        </span>
                      </h3>
                      <p>
                        Prioritized list of features that should be implemented as part of a project.
                      </p>
                    </button>
                  </h2>
                  <div
                    class="accordion-collapse collapse"
                  >
                    <div
                      class="accordion-body"
                    >
                      <div
                        class="mt-3 border border-3 shadow rounded p-3 bg-light"
                      >
                        <h3>
                          Implement ConfirmButton component for ProductModal
                           
                        </h3>
                        <div
                          class="mb-3"
                        >
                          <span>
                            <span
                              class=""
                            >
                              A ConfirmButton component should be implemented to allow confirming selected product features in ProductModal.
                            </span>
                          </span>
                        </div>
                        <p
                          class="text-capitalize"
                        >
                          Priority: 
                          medium
                        </p>
                        <div />
                        <div
                          class="task-actions"
                        >
                          <div
                            class="dropdown-menu-header dropdown btn-group"
                            role="group"
                          >
                            <button
                              aria-expanded="false"
                              class="dropdown-toggle btn btn-primary btn-sm"
                              type="button"
                            >
                              Move to other column
                            </button>
                          </div>
                          <button
                            class="btn btn-danger btn-sm"
                            type="button"
                          >
                            Unassign Me
                          </button>
                          <button
                            class="btn btn-danger btn-sm"
                            type="button"
                          >
                            Leave only me
                          </button>
                        </div>
                      </div>
                      <div
                        class="mt-3 border border-3 shadow rounded p-3 bg-light"
                      >
                        <h3>
                          Redesign ProductPage to allow more space for visualization of products
                           
                        </h3>
                        <div
                          class="mb-3"
                        >
                          <span>
                            <span
                              class=""
                            >
                              The ProductPage needs a redesign to allow more space for visualization of products.
                            </span>
                          </span>
                        </div>
                        <div />
                        <div
                          class="task-actions"
                        >
                          <div
                            class="dropdown-menu-header dropdown btn-group"
                            role="group"
                          >
                            <button
                              aria-expanded="false"
                              class="dropdown-toggle btn btn-primary btn-sm"
                              type="button"
                            >
                              Move to other column
                            </button>
                          </div>
                          <button
                            class="btn btn-danger btn-sm"
                            type="button"
                          >
                            Unassign Me
                          </button>
                          <button
                            class="btn btn-danger btn-sm"
                            type="button"
                          >
                            Leave only me
                          </button>
                        </div>
                      </div>
                    </div>
                  </div>
                </div>
              </div>
            </div>
          </div>
        </div>
      </div>
    </div>
  </body>,
  "container": <div>
    <div
      class="row g-0 vh-100"
      style="background-image: url(geometric-triangle-shapes-background.jpg); background-size: cover;"
    >
      <div
        class="col-12"
      >
        <div
          class="row g-0 bg-light p-2 shadow align-items-center"
        >
          <div
            class="col-2 col-md-1"
          >
            <a
              class="btn btn-light bi bi-arrow-left border"
              href="/"
            />
          </div>
          <div
            class="col-10 col-md-9 col-lg-10"
          >
            <h3
              class="m-0 text-center"
            >
              Tasks assigned to 
              John Smith
            </h3>
            <p
              class="text-secondary text-center"
            >
              Click on any item to expand/collapse its content
            </p>
          </div>
          <div
            class="col-1 col-md-2 col-lg-1 d-none d-md-block text-center"
          >
            <img
              alt="user"
              class="rounded-circle m-1"
              src="image_1"
              width="80"
            />
          </div>
        </div>
        <div
          class="row g-0 mt-3 justify-content-center overflow-auto tasks"
        >
          <div
            class="col-10"
          >
            <p
              class="bg-white rounded text-center p-1 undefined"
            >
              Completed 
              0
               task
              s
               of 
              2
               (
              0
              %)
            </p>
            <div
              class="accordion"
            >
              <div
                class="accordion-item"
              >
                <h2
                  class="accordion-header"
                >
                  <button
                    aria-expanded="false"
                    class="accordion-button collapsed"
                    type="button"
                  >
                    <h3>
                      Backlog
                      <span
                        class="badge bg-primary ms-2"
                      >
                        2
                      </span>
                    </h3>
                    <p>
                      Prioritized list of features that should be implemented as part of a project.
                    </p>
                  </button>
                </h2>
                <div
                  class="accordion-collapse collapse"
                >
                  <div
                    class="accordion-body"
                  >
                    <div
                      class="mt-3 border border-3 shadow rounded p-3 bg-light"
                    >
                      <h3>
                        Implement ConfirmButton component for ProductModal
                         
                      </h3>
                      <div
                        class="mb-3"
                      >
                        <span>
                          <span
                            class=""
                          >
                            A ConfirmButton component should be implemented to allow confirming selected product features in ProductModal.
                          </span>
                        </span>
                      </div>
                      <p
                        class="text-capitalize"
                      >
                        Priority: 
                        medium
                      </p>
                      <div />
                      <div
                        class="task-actions"
                      >
                        <div
                          class="dropdown-menu-header dropdown btn-group"
                          role="group"
                        >
                          <button
                            aria-expanded="false"
                            class="dropdown-toggle btn btn-primary btn-sm"
                            type="button"
                          >
                            Move to other column
                          </button>
                        </div>
                        <button
                          class="btn btn-danger btn-sm"
                          type="button"
                        >
                          Unassign Me
                        </button>
                        <button
                          class="btn btn-danger btn-sm"
                          type="button"
                        >
                          Leave only me
                        </button>
                      </div>
                    </div>
                    <div
                      class="mt-3 border border-3 shadow rounded p-3 bg-light"
                    >
                      <h3>
                        Redesign ProductPage to allow more space for visualization of products
                         
                      </h3>
                      <div
                        class="mb-3"
                      >
                        <span>
                          <span
                            class=""
                          >
                            The ProductPage needs a redesign to allow more space for visualization of products.
                          </span>
                        </span>
                      </div>
                      <div />
                      <div
                        class="task-actions"
                      >
                        <div
                          class="dropdown-menu-header dropdown btn-group"
                          role="group"
                        >
                          <button
                            aria-expanded="false"
                            class="dropdown-toggle btn btn-primary btn-sm"
                            type="button"
                          >
                            Move to other column
                          </button>
                        </div>
                        <button
                          class="btn btn-danger btn-sm"
                          type="button"
                        >
                          Unassign Me
                        </button>
                        <button
                          class="btn btn-danger btn-sm"
                          type="button"
                        >
                          Leave only me
                        </button>
                      </div>
                    </div>
                  </div>
                </div>
              </div>
            </div>
          </div>
        </div>
      </div>
    </div>
  </div>,
  "debug": [Function],
  "findAllByAltText": [Function],
  "findAllByDisplayValue": [Function],
  "findAllByLabelText": [Function],
  "findAllByPlaceholderText": [Function],
  "findAllByRole": [Function],
  "findAllByTestId": [Function],
  "findAllByText": [Function],
  "findAllByTitle": [Function],
  "findByAltText": [Function],
  "findByDisplayValue": [Function],
  "findByLabelText": [Function],
  "findByPlaceholderText": [Function],
  "findByRole": [Function],
  "findByTestId": [Function],
  "findByText": [Function],
  "findByTitle": [Function],
  "getAllByAltText": [Function],
  "getAllByDisplayValue": [Function],
  "getAllByLabelText": [Function],
  "getAllByPlaceholderText": [Function],
  "getAllByRole": [Function],
  "getAllByTestId": [Function],
  "getAllByText": [Function],
  "getAllByTitle": [Function],
  "getByAltText": [Function],
  "getByDisplayValue": [Function],
  "getByLabelText": [Function],
  "getByPlaceholderText": [Function],
  "getByRole": [Function],
  "getByTestId": [Function],
  "getByText": [Function],
  "getByTitle": [Function],
  "queryAllByAltText": [Function],
  "queryAllByDisplayValue": [Function],
  "queryAllByLabelText": [Function],
  "queryAllByPlaceholderText": [Function],
  "queryAllByRole": [Function],
  "queryAllByTestId": [Function],
  "queryAllByText": [Function],
  "queryAllByTitle": [Function],
  "queryByAltText": [Function],
  "queryByDisplayValue": [Function],
  "queryByLabelText": [Function],
  "queryByPlaceholderText": [Function],
  "queryByRole": [Function],
  "queryByTestId": [Function],
  "queryByText": [Function],
  "queryByTitle": [Function],
  "rerender": [Function],
  "unmount": [Function],
}
`;
