// Jest Snapshot v1, https://goo.gl/fbAQLP

exports[`should render Task/AssignedUsers component 1`] = `
Object {
  "asFragment": [Function],
  "baseElement": <body>
    <div>
      <div
        class="mb-3 d-flex align-items-center flex-wrap"
      >
        <a
          class="text-decoration-none"
          href="/tasks/1"
        >
          <img
            alt="user"
            class="rounded-circle m-1"
            src="image_1"
            width="35"
          />
        </a>
        <a
          class="text-decoration-none"
          href="/tasks/2"
        >
          <img
            alt="user"
            class="rounded-circle m-1"
            src="image_2"
            width="35"
          />
        </a>
        <i
          class="m-1 bi bi-info fs-3 text-primary border border-3 border-primary rounded-circle d-flex bg-light"
        />
        <button
          class="rounded-circle bi bi-x d-flex justify-content-center align-items-center btn btn-outline-danger"
          style="width: 35px; height: 35px;"
          type="button"
        />
      </div>
    </div>
  </body>,
  "container": <div>
    <div
      class="mb-3 d-flex align-items-center flex-wrap"
    >
      <a
        class="text-decoration-none"
        href="/tasks/1"
      >
        <img
          alt="user"
          class="rounded-circle m-1"
          src="image_1"
          width="35"
        />
      </a>
      <a
        class="text-decoration-none"
        href="/tasks/2"
      >
        <img
          alt="user"
          class="rounded-circle m-1"
          src="image_2"
          width="35"
        />
      </a>
      <i
        class="m-1 bi bi-info fs-3 text-primary border border-3 border-primary rounded-circle d-flex bg-light"
      />
      <button
        class="rounded-circle bi bi-x d-flex justify-content-center align-items-center btn btn-outline-danger"
        style="width: 35px; height: 35px;"
        type="button"
      />
    </div>
  </div>,
  "debug": [Function],
  "findAllByAltText": [Function],
  "findAllByDisplayValue": [Function],
  "findAllByLabelText": [Function],
  "findAllByPlaceholderText": [Function],
  "findAllByRole": [Function],
  "findAllByTestId": [Function],
  "findAllByText": [Function],
  "findAllByTitle": [Function],
  "findByAltText": [Function],
  "findByDisplayValue": [Function],
  "findByLabelText": [Function],
  "findByPlaceholderText": [Function],
  "findByRole": [Function],
  "findByTestId": [Function],
  "findByText": [Function],
  "findByTitle": [Function],
  "getAllByAltText": [Function],
  "getAllByDisplayValue": [Function],
  "getAllByLabelText": [Function],
  "getAllByPlaceholderText": [Function],
  "getAllByRole": [Function],
  "getAllByTestId": [Function],
  "getAllByText": [Function],
  "getAllByTitle": [Function],
  "getByAltText": [Function],
  "getByDisplayValue": [Function],
  "getByLabelText": [Function],
  "getByPlaceholderText": [Function],
  "getByRole": [Function],
  "getByTestId": [Function],
  "getByText": [Function],
  "getByTitle": [Function],
  "queryAllByAltText": [Function],
  "queryAllByDisplayValue": [Function],
  "queryAllByLabelText": [Function],
  "queryAllByPlaceholderText": [Function],
  "queryAllByRole": [Function],
  "queryAllByTestId": [Function],
  "queryAllByText": [Function],
  "queryAllByTitle": [Function],
  "queryByAltText": [Function],
  "queryByDisplayValue": [Function],
  "queryByLabelText": [Function],
  "queryByPlaceholderText": [Function],
  "queryByRole": [Function],
  "queryByTestId": [Function],
  "queryByText": [Function],
  "queryByTitle": [Function],
  "rerender": [Function],
  "unmount": [Function],
}
`;
