// Jest Snapshot v1, https://goo.gl/fbAQLP

exports[`should render Users/User component 1`] = `
Object {
  "asFragment": [Function],
  "baseElement": <body>
    <div>
      <div
        class="row align-items-center mt-2"
      >
        <div
          class="col-2"
        >
          <img
            alt="assigned-user"
            class="rounded-circle"
            src="img"
            width="50"
          />
        </div>
        <div
          class="col-8"
        >
          <p
            class="m-0 fw-bold"
          >
            John Smith
          </p>
        </div>
        <div
          class="col-2"
        >
          <button
            class="btn btn-danger bi bi-trash"
          />
        </div>
      </div>
    </div>
  </body>,
  "container": <div>
    <div
      class="row align-items-center mt-2"
    >
      <div
        class="col-2"
      >
        <img
          alt="assigned-user"
          class="rounded-circle"
          src="img"
          width="50"
        />
      </div>
      <div
        class="col-8"
      >
        <p
          class="m-0 fw-bold"
        >
          John Smith
        </p>
      </div>
      <div
        class="col-2"
      >
        <button
          class="btn btn-danger bi bi-trash"
        />
      </div>
    </div>
  </div>,
  "debug": [Function],
  "findAllByAltText": [Function],
  "findAllByDisplayValue": [Function],
  "findAllByLabelText": [Function],
  "findAllByPlaceholderText": [Function],
  "findAllByRole": [Function],
  "findAllByTestId": [Function],
  "findAllByText": [Function],
  "findAllByTitle": [Function],
  "findByAltText": [Function],
  "findByDisplayValue": [Function],
  "findByLabelText": [Function],
  "findByPlaceholderText": [Function],
  "findByRole": [Function],
  "findByTestId": [Function],
  "findByText": [Function],
  "findByTitle": [Function],
  "getAllByAltText": [Function],
  "getAllByDisplayValue": [Function],
  "getAllByLabelText": [Function],
  "getAllByPlaceholderText": [Function],
  "getAllByRole": [Function],
  "getAllByTestId": [Function],
  "getAllByText": [Function],
  "getAllByTitle": [Function],
  "getByAltText": [Function],
  "getByDisplayValue": [Function],
  "getByLabelText": [Function],
  "getByPlaceholderText": [Function],
  "getByRole": [Function],
  "getByTestId": [Function],
  "getByText": [Function],
  "getByTitle": [Function],
  "queryAllByAltText": [Function],
  "queryAllByDisplayValue": [Function],
  "queryAllByLabelText": [Function],
  "queryAllByPlaceholderText": [Function],
  "queryAllByRole": [Function],
  "queryAllByTestId": [Function],
  "queryAllByText": [Function],
  "queryAllByTitle": [Function],
  "queryByAltText": [Function],
  "queryByDisplayValue": [Function],
  "queryByLabelText": [Function],
  "queryByPlaceholderText": [Function],
  "queryByRole": [Function],
  "queryByTestId": [Function],
  "queryByText": [Function],
  "queryByTitle": [Function],
  "rerender": [Function],
  "unmount": [Function],
}
`;
