// Jest Snapshot v1, https://goo.gl/fbAQLP

exports[`should render Dashboard/Toolbar component 1`] = `
Object {
  "asFragment": [Function],
  "baseElement": <body>
    <div>
      <div
        class="mt-2 row g-0 justify-content-center"
      >
        <div
          class="col-11 bg-primary-subtle rounded p-2"
        >
          <p
            class="text-secondary text-center"
          >
            Click on any item to add the corresponding card to the dashboard
          </p>
          <div
            class="row flex-column flex-md-row g-1 justify-content-evenly"
          >
            <div
              class="col-md-2 bg-primary text-white text-center rounded"
            >
              Item 1
            </div>
            <div
              class="col-md-2 bg-primary text-white text-center rounded"
            >
              Item 2
            </div>
          </div>
        </div>
      </div>
    </div>
  </body>,
  "container": <div>
    <div
      class="mt-2 row g-0 justify-content-center"
    >
      <div
        class="col-11 bg-primary-subtle rounded p-2"
      >
        <p
          class="text-secondary text-center"
        >
          Click on any item to add the corresponding card to the dashboard
        </p>
        <div
          class="row flex-column flex-md-row g-1 justify-content-evenly"
        >
          <div
            class="col-md-2 bg-primary text-white text-center rounded"
          >
            Item 1
          </div>
          <div
            class="col-md-2 bg-primary text-white text-center rounded"
          >
            Item 2
          </div>
        </div>
      </div>
    </div>
  </div>,
  "debug": [Function],
  "findAllByAltText": [Function],
  "findAllByDisplayValue": [Function],
  "findAllByLabelText": [Function],
  "findAllByPlaceholderText": [Function],
  "findAllByRole": [Function],
  "findAllByTestId": [Function],
  "findAllByText": [Function],
  "findAllByTitle": [Function],
  "findByAltText": [Function],
  "findByDisplayValue": [Function],
  "findByLabelText": [Function],
  "findByPlaceholderText": [Function],
  "findByRole": [Function],
  "findByTestId": [Function],
  "findByText": [Function],
  "findByTitle": [Function],
  "getAllByAltText": [Function],
  "getAllByDisplayValue": [Function],
  "getAllByLabelText": [Function],
  "getAllByPlaceholderText": [Function],
  "getAllByRole": [Function],
  "getAllByTestId": [Function],
  "getAllByText": [Function],
  "getAllByTitle": [Function],
  "getByAltText": [Function],
  "getByDisplayValue": [Function],
  "getByLabelText": [Function],
  "getByPlaceholderText": [Function],
  "getByRole": [Function],
  "getByTestId": [Function],
  "getByText": [Function],
  "getByTitle": [Function],
  "queryAllByAltText": [Function],
  "queryAllByDisplayValue": [Function],
  "queryAllByLabelText": [Function],
  "queryAllByPlaceholderText": [Function],
  "queryAllByRole": [Function],
  "queryAllByTestId": [Function],
  "queryAllByText": [Function],
  "queryAllByTitle": [Function],
  "queryByAltText": [Function],
  "queryByDisplayValue": [Function],
  "queryByLabelText": [Function],
  "queryByPlaceholderText": [Function],
  "queryByRole": [Function],
  "queryByTestId": [Function],
  "queryByText": [Function],
  "queryByTitle": [Function],
  "rerender": [Function],
  "unmount": [Function],
}
`;
