// Jest Snapshot v1, https://goo.gl/fbAQLP

exports[`should render Task component 1`] = `
Object {
  "asFragment": [Function],
  "baseElement": <body>
    <div>
      <div
        class="row bg-white mt-3 rounded shadow p-1"
        style="transform: translate3d(0px, 0px, 0);"
      >
        <div
          class="col-9"
        >
          <p
            class="fw-bold"
          >
            Task Title
          </p>
        </div>
        <div
          class="col-3"
        >
          <i
            aria-describedby=""
            aria-disabled="false"
            aria-pressed="true"
            aria-roledescription="draggable"
            class="bi bi-grip-horizontal fs-2"
            role="button"
            tabindex="0"
          />
        </div>
        <p
          class="text-secondary"
        >
          Task Description
        </p>
        <div
          class="mb-3"
        />
        <div
          class="d-flex"
        >
          <i
            class="bi bi-trash fs-4 text-danger"
            role="button"
          />
          <i
            class="bi bi-pencil-square fs-4 text-secondary mx-1"
            role="button"
          />
          <i
            class="bi bi-person-circle fs-4 text-secondary mx-1"
            role="button"
          />
        </div>
      </div>
    </div>
  </body>,
  "container": <div>
    <div
      class="row bg-white mt-3 rounded shadow p-1"
      style="transform: translate3d(0px, 0px, 0);"
    >
      <div
        class="col-9"
      >
        <p
          class="fw-bold"
        >
          Task Title
        </p>
      </div>
      <div
        class="col-3"
      >
        <i
          aria-describedby=""
          aria-disabled="false"
          aria-pressed="true"
          aria-roledescription="draggable"
          class="bi bi-grip-horizontal fs-2"
          role="button"
          tabindex="0"
        />
      </div>
      <p
        class="text-secondary"
      >
        Task Description
      </p>
      <div
        class="mb-3"
      />
      <div
        class="d-flex"
      >
        <i
          class="bi bi-trash fs-4 text-danger"
          role="button"
        />
        <i
          class="bi bi-pencil-square fs-4 text-secondary mx-1"
          role="button"
        />
        <i
          class="bi bi-person-circle fs-4 text-secondary mx-1"
          role="button"
        />
      </div>
    </div>
  </div>,
  "debug": [Function],
  "findAllByAltText": [Function],
  "findAllByDisplayValue": [Function],
  "findAllByLabelText": [Function],
  "findAllByPlaceholderText": [Function],
  "findAllByRole": [Function],
  "findAllByTestId": [Function],
  "findAllByText": [Function],
  "findAllByTitle": [Function],
  "findByAltText": [Function],
  "findByDisplayValue": [Function],
  "findByLabelText": [Function],
  "findByPlaceholderText": [Function],
  "findByRole": [Function],
  "findByTestId": [Function],
  "findByText": [Function],
  "findByTitle": [Function],
  "getAllByAltText": [Function],
  "getAllByDisplayValue": [Function],
  "getAllByLabelText": [Function],
  "getAllByPlaceholderText": [Function],
  "getAllByRole": [Function],
  "getAllByTestId": [Function],
  "getAllByText": [Function],
  "getAllByTitle": [Function],
  "getByAltText": [Function],
  "getByDisplayValue": [Function],
  "getByLabelText": [Function],
  "getByPlaceholderText": [Function],
  "getByRole": [Function],
  "getByTestId": [Function],
  "getByText": [Function],
  "getByTitle": [Function],
  "queryAllByAltText": [Function],
  "queryAllByDisplayValue": [Function],
  "queryAllByLabelText": [Function],
  "queryAllByPlaceholderText": [Function],
  "queryAllByRole": [Function],
  "queryAllByTestId": [Function],
  "queryAllByText": [Function],
  "queryAllByTitle": [Function],
  "queryByAltText": [Function],
  "queryByDisplayValue": [Function],
  "queryByLabelText": [Function],
  "queryByPlaceholderText": [Function],
  "queryByRole": [Function],
  "queryByTestId": [Function],
  "queryByText": [Function],
  "queryByTitle": [Function],
  "rerender": [Function],
  "unmount": [Function],
}
`;
