// Jest Snapshot v1, https://goo.gl/fbAQLP

exports[`should render KanbanBoard component 1`] = `
Object {
  "asFragment": [Function],
  "baseElement": <body>
    <div>
      <div
        class="row"
      >
        <div
          class="col-md-12"
        >
          <div
            class="row p-5"
          />
          <div
            class="row border-top border-secondary-subtle fixed-bottom p-2 justify-content-end text-end button-panel"
          >
            <div
              class="col col-md-4 col-lg-3"
            >
              <div
                class="btn-group"
                role="group"
              >
                <button
                  class="btn btn-primary"
                  type="button"
                >
                  New Column
                </button>
                <button
                  class="btn btn-danger"
                  type="button"
                >
                  Clear Board
                </button>
              </div>
            </div>
          </div>
        </div>
      </div>
    </div>
  </body>,
  "container": <div>
    <div
      class="row"
    >
      <div
        class="col-md-12"
      >
        <div
          class="row p-5"
        />
        <div
          class="row border-top border-secondary-subtle fixed-bottom p-2 justify-content-end text-end button-panel"
        >
          <div
            class="col col-md-4 col-lg-3"
          >
            <div
              class="btn-group"
              role="group"
            >
              <button
                class="btn btn-primary"
                type="button"
              >
                New Column
              </button>
              <button
                class="btn btn-danger"
                type="button"
              >
                Clear Board
              </button>
            </div>
          </div>
        </div>
      </div>
    </div>
  </div>,
  "debug": [Function],
  "findAllByAltText": [Function],
  "findAllByDisplayValue": [Function],
  "findAllByLabelText": [Function],
  "findAllByPlaceholderText": [Function],
  "findAllByRole": [Function],
  "findAllByTestId": [Function],
  "findAllByText": [Function],
  "findAllByTitle": [Function],
  "findByAltText": [Function],
  "findByDisplayValue": [Function],
  "findByLabelText": [Function],
  "findByPlaceholderText": [Function],
  "findByRole": [Function],
  "findByTestId": [Function],
  "findByText": [Function],
  "findByTitle": [Function],
  "getAllByAltText": [Function],
  "getAllByDisplayValue": [Function],
  "getAllByLabelText": [Function],
  "getAllByPlaceholderText": [Function],
  "getAllByRole": [Function],
  "getAllByTestId": [Function],
  "getAllByText": [Function],
  "getAllByTitle": [Function],
  "getByAltText": [Function],
  "getByDisplayValue": [Function],
  "getByLabelText": [Function],
  "getByPlaceholderText": [Function],
  "getByRole": [Function],
  "getByTestId": [Function],
  "getByText": [Function],
  "getByTitle": [Function],
  "queryAllByAltText": [Function],
  "queryAllByDisplayValue": [Function],
  "queryAllByLabelText": [Function],
  "queryAllByPlaceholderText": [Function],
  "queryAllByRole": [Function],
  "queryAllByTestId": [Function],
  "queryAllByText": [Function],
  "queryAllByTitle": [Function],
  "queryByAltText": [Function],
  "queryByDisplayValue": [Function],
  "queryByLabelText": [Function],
  "queryByPlaceholderText": [Function],
  "queryByRole": [Function],
  "queryByTestId": [Function],
  "queryByText": [Function],
  "queryByTitle": [Function],
  "rerender": [Function],
  "unmount": [Function],
}
`;
