// Jest Snapshot v1, https://goo.gl/fbAQLP

exports[`should render UserList component 1`] = `
Object {
  "asFragment": [Function],
  "baseElement": <body>
    <div>
      <div
        class="list-group"
      >
        <button
          class="list-group-item list-group-item-action"
        >
          <div
            class="row align-items-center"
          >
            <div
              class="col-2"
            >
              <img
                alt="assigned-user"
                class="rounded-circle"
                src="image_1"
                width="50"
              />
            </div>
            <div
              class="col-8"
            >
              <p
                class="m-0 fw-bold"
              >
                John Smith
              </p>
            </div>
            <div
              class="col-2"
            />
          </div>
        </button>
        <button
          class="list-group-item list-group-item-action"
        >
          <div
            class="row align-items-center"
          >
            <div
              class="col-2"
            >
              <img
                alt="assigned-user"
                class="rounded-circle"
                src="image_2"
                width="50"
              />
            </div>
            <div
              class="col-8"
            >
              <p
                class="m-0 fw-bold"
              >
                Jane Smith
              </p>
            </div>
            <div
              class="col-2"
            />
          </div>
        </button>
      </div>
    </div>
  </body>,
  "container": <div>
    <div
      class="list-group"
    >
      <button
        class="list-group-item list-group-item-action"
      >
        <div
          class="row align-items-center"
        >
          <div
            class="col-2"
          >
            <img
              alt="assigned-user"
              class="rounded-circle"
              src="image_1"
              width="50"
            />
          </div>
          <div
            class="col-8"
          >
            <p
              class="m-0 fw-bold"
            >
              John Smith
            </p>
          </div>
          <div
            class="col-2"
          />
        </div>
      </button>
      <button
        class="list-group-item list-group-item-action"
      >
        <div
          class="row align-items-center"
        >
          <div
            class="col-2"
          >
            <img
              alt="assigned-user"
              class="rounded-circle"
              src="image_2"
              width="50"
            />
          </div>
          <div
            class="col-8"
          >
            <p
              class="m-0 fw-bold"
            >
              Jane Smith
            </p>
          </div>
          <div
            class="col-2"
          />
        </div>
      </button>
    </div>
  </div>,
  "debug": [Function],
  "findAllByAltText": [Function],
  "findAllByDisplayValue": [Function],
  "findAllByLabelText": [Function],
  "findAllByPlaceholderText": [Function],
  "findAllByRole": [Function],
  "findAllByTestId": [Function],
  "findAllByText": [Function],
  "findAllByTitle": [Function],
  "findByAltText": [Function],
  "findByDisplayValue": [Function],
  "findByLabelText": [Function],
  "findByPlaceholderText": [Function],
  "findByRole": [Function],
  "findByTestId": [Function],
  "findByText": [Function],
  "findByTitle": [Function],
  "getAllByAltText": [Function],
  "getAllByDisplayValue": [Function],
  "getAllByLabelText": [Function],
  "getAllByPlaceholderText": [Function],
  "getAllByRole": [Function],
  "getAllByTestId": [Function],
  "getAllByText": [Function],
  "getAllByTitle": [Function],
  "getByAltText": [Function],
  "getByDisplayValue": [Function],
  "getByLabelText": [Function],
  "getByPlaceholderText": [Function],
  "getByRole": [Function],
  "getByTestId": [Function],
  "getByText": [Function],
  "getByTitle": [Function],
  "queryAllByAltText": [Function],
  "queryAllByDisplayValue": [Function],
  "queryAllByLabelText": [Function],
  "queryAllByPlaceholderText": [Function],
  "queryAllByRole": [Function],
  "queryAllByTestId": [Function],
  "queryAllByText": [Function],
  "queryAllByTitle": [Function],
  "queryByAltText": [Function],
  "queryByDisplayValue": [Function],
  "queryByLabelText": [Function],
  "queryByPlaceholderText": [Function],
  "queryByRole": [Function],
  "queryByTestId": [Function],
  "queryByText": [Function],
  "queryByTitle": [Function],
  "rerender": [Function],
  "unmount": [Function],
}
`;
