// Jest Snapshot v1, https://goo.gl/fbAQLP

exports[`should render Column component 1`] = `
Object {
  "asFragment": [Function],
  "baseElement": <body>
    <div>
      <div
        class="col-md-5 col-lg-3 blurred-column rounded p-4 overflow-auto kanban-column"
        style="border-style: dashed;"
      >
        <div
          class="row"
        >
          <div
            class="col-7 col-lg-8"
          >
            <h3
              class="text-white text-break"
            >
              Column Title
            </h3>
          </div>
          <div
            class="col-5 col-lg-4"
          >
            <div
              class="btn-group btn-group-sm"
              role="group"
            >
              <button
                class="btn btn-light"
                disabled=""
                type="button"
              >
                2
              </button>
              <div
                class="dropdown btn-group"
                role="group"
              >
                <button
                  aria-expanded="false"
                  class="dropdown-toggle btn btn-light btn-sm"
                  type="button"
                >
                  <i
                    class="bi bi-three-dots-vertical"
                  />
                </button>
              </div>
            </div>
          </div>
        </div>
        <p
          class="text-white"
        >
          Column Description
        </p>
        <div
          class="overflow-hidden"
        >
          <div
            class="row m-0 bg-white border border-3 border-success mt-3 rounded shadow p-1"
          >
            <div
              class="col-9"
            >
              <p
                class="fw-bold"
              >
                Task 1
              </p>
            </div>
            <div
              class="col-3"
            >
              <i
                aria-describedby=""
                aria-disabled="false"
                aria-roledescription="draggable"
                class="bi bi-grip-horizontal fs-2"
                role="button"
                tabindex="0"
              />
            </div>
            <p
              class="text-secondary"
            >
              Description 1
            </p>
            <div
              class="mb-3"
            />
            <div
              class="d-flex justify-content-between"
            >
              <div>
                <i
                  class="bi bi-trash fs-4 text-danger"
                  role="button"
                />
                <i
                  class="bi bi-pencil-square fs-4 text-secondary mx-1"
                  role="button"
                />
                <i
                  class="bi bi-person-circle fs-4 text-secondary mx-1"
                  role="button"
                />
              </div>
              <i
                class="bi bi-bookmark-fill fs-4 text-success"
              />
            </div>
          </div>
          <div
            class="row m-0 bg-white border border-3 border-success mt-3 rounded shadow p-1"
          >
            <div
              class="col-9"
            >
              <p
                class="fw-bold"
              >
                Task 2
              </p>
            </div>
            <div
              class="col-3"
            >
              <i
                aria-describedby=""
                aria-disabled="false"
                aria-roledescription="draggable"
                class="bi bi-grip-horizontal fs-2"
                role="button"
                tabindex="0"
              />
            </div>
            <p
              class="text-secondary"
            >
              Description 2
            </p>
            <div
              class="mb-3"
            />
            <div
              class="d-flex justify-content-between"
            >
              <div>
                <i
                  class="bi bi-trash fs-4 text-danger"
                  role="button"
                />
                <i
                  class="bi bi-pencil-square fs-4 text-secondary mx-1"
                  role="button"
                />
                <i
                  class="bi bi-person-circle fs-4 text-secondary mx-1"
                  role="button"
                />
              </div>
              <i
                class="bi bi-bookmark-fill fs-4 text-success"
              />
            </div>
          </div>
        </div>
      </div>
    </div>
  </body>,
  "container": <div>
    <div
      class="col-md-5 col-lg-3 blurred-column rounded p-4 overflow-auto kanban-column"
      style="border-style: dashed;"
    >
      <div
        class="row"
      >
        <div
          class="col-7 col-lg-8"
        >
          <h3
            class="text-white text-break"
          >
            Column Title
          </h3>
        </div>
        <div
          class="col-5 col-lg-4"
        >
          <div
            class="btn-group btn-group-sm"
            role="group"
          >
            <button
              class="btn btn-light"
              disabled=""
              type="button"
            >
              2
            </button>
            <div
              class="dropdown btn-group"
              role="group"
            >
              <button
                aria-expanded="false"
                class="dropdown-toggle btn btn-light btn-sm"
                type="button"
              >
                <i
                  class="bi bi-three-dots-vertical"
                />
              </button>
            </div>
          </div>
        </div>
      </div>
      <p
        class="text-white"
      >
        Column Description
      </p>
      <div
        class="overflow-hidden"
      >
        <div
          class="row m-0 bg-white border border-3 border-success mt-3 rounded shadow p-1"
        >
          <div
            class="col-9"
          >
            <p
              class="fw-bold"
            >
              Task 1
            </p>
          </div>
          <div
            class="col-3"
          >
            <i
              aria-describedby=""
              aria-disabled="false"
              aria-roledescription="draggable"
              class="bi bi-grip-horizontal fs-2"
              role="button"
              tabindex="0"
            />
          </div>
          <p
            class="text-secondary"
          >
            Description 1
          </p>
          <div
            class="mb-3"
          />
          <div
            class="d-flex justify-content-between"
          >
            <div>
              <i
                class="bi bi-trash fs-4 text-danger"
                role="button"
              />
              <i
                class="bi bi-pencil-square fs-4 text-secondary mx-1"
                role="button"
              />
              <i
                class="bi bi-person-circle fs-4 text-secondary mx-1"
                role="button"
              />
            </div>
            <i
              class="bi bi-bookmark-fill fs-4 text-success"
            />
          </div>
        </div>
        <div
          class="row m-0 bg-white border border-3 border-success mt-3 rounded shadow p-1"
        >
          <div
            class="col-9"
          >
            <p
              class="fw-bold"
            >
              Task 2
            </p>
          </div>
          <div
            class="col-3"
          >
            <i
              aria-describedby=""
              aria-disabled="false"
              aria-roledescription="draggable"
              class="bi bi-grip-horizontal fs-2"
              role="button"
              tabindex="0"
            />
          </div>
          <p
            class="text-secondary"
          >
            Description 2
          </p>
          <div
            class="mb-3"
          />
          <div
            class="d-flex justify-content-between"
          >
            <div>
              <i
                class="bi bi-trash fs-4 text-danger"
                role="button"
              />
              <i
                class="bi bi-pencil-square fs-4 text-secondary mx-1"
                role="button"
              />
              <i
                class="bi bi-person-circle fs-4 text-secondary mx-1"
                role="button"
              />
            </div>
            <i
              class="bi bi-bookmark-fill fs-4 text-success"
            />
          </div>
        </div>
      </div>
    </div>
  </div>,
  "debug": [Function],
  "findAllByAltText": [Function],
  "findAllByDisplayValue": [Function],
  "findAllByLabelText": [Function],
  "findAllByPlaceholderText": [Function],
  "findAllByRole": [Function],
  "findAllByTestId": [Function],
  "findAllByText": [Function],
  "findAllByTitle": [Function],
  "findByAltText": [Function],
  "findByDisplayValue": [Function],
  "findByLabelText": [Function],
  "findByPlaceholderText": [Function],
  "findByRole": [Function],
  "findByTestId": [Function],
  "findByText": [Function],
  "findByTitle": [Function],
  "getAllByAltText": [Function],
  "getAllByDisplayValue": [Function],
  "getAllByLabelText": [Function],
  "getAllByPlaceholderText": [Function],
  "getAllByRole": [Function],
  "getAllByTestId": [Function],
  "getAllByText": [Function],
  "getAllByTitle": [Function],
  "getByAltText": [Function],
  "getByDisplayValue": [Function],
  "getByLabelText": [Function],
  "getByPlaceholderText": [Function],
  "getByRole": [Function],
  "getByTestId": [Function],
  "getByText": [Function],
  "getByTitle": [Function],
  "queryAllByAltText": [Function],
  "queryAllByDisplayValue": [Function],
  "queryAllByLabelText": [Function],
  "queryAllByPlaceholderText": [Function],
  "queryAllByRole": [Function],
  "queryAllByTestId": [Function],
  "queryAllByText": [Function],
  "queryAllByTitle": [Function],
  "queryByAltText": [Function],
  "queryByDisplayValue": [Function],
  "queryByLabelText": [Function],
  "queryByPlaceholderText": [Function],
  "queryByRole": [Function],
  "queryByTestId": [Function],
  "queryByText": [Function],
  "queryByTitle": [Function],
  "rerender": [Function],
  "unmount": [Function],
}
`;
