// Jest Snapshot v1, https://goo.gl/fbAQLP

exports[`should render UserForm component 1`] = `
Object {
  "asFragment": [Function],
  "baseElement": <body>
    <div>
      <div
        class="mt-3"
      >
        <h3
          class="text-center text-secondary bg-secondary-subtle rounded"
        >
          Create New User
        </h3>
        <form
          class=""
        >
          <div
            class="mb-2"
          >
            <label
              class="form-label"
              for="avatar"
            >
              Upload Avatar (optional)
            </label>
            <input
              accept="image/*"
              class="form-control form-control-sm"
              id="avatar"
              type="file"
            />
          </div>
          <div
            class="mb-2"
          >
            <label
              class="form-label"
              for="name"
            >
              Enter Name
            </label>
            <input
              class="form-control form-control-sm"
              id="name"
              required=""
              value=""
            />
          </div>
          <button
            class="w-25 btn btn-secondary btn-sm"
            type="submit"
          >
            Add
          </button>
        </form>
      </div>
    </div>
  </body>,
  "container": <div>
    <div
      class="mt-3"
    >
      <h3
        class="text-center text-secondary bg-secondary-subtle rounded"
      >
        Create New User
      </h3>
      <form
        class=""
      >
        <div
          class="mb-2"
        >
          <label
            class="form-label"
            for="avatar"
          >
            Upload Avatar (optional)
          </label>
          <input
            accept="image/*"
            class="form-control form-control-sm"
            id="avatar"
            type="file"
          />
        </div>
        <div
          class="mb-2"
        >
          <label
            class="form-label"
            for="name"
          >
            Enter Name
          </label>
          <input
            class="form-control form-control-sm"
            id="name"
            required=""
            value=""
          />
        </div>
        <button
          class="w-25 btn btn-secondary btn-sm"
          type="submit"
        >
          Add
        </button>
      </form>
    </div>
  </div>,
  "debug": [Function],
  "findAllByAltText": [Function],
  "findAllByDisplayValue": [Function],
  "findAllByLabelText": [Function],
  "findAllByPlaceholderText": [Function],
  "findAllByRole": [Function],
  "findAllByTestId": [Function],
  "findAllByText": [Function],
  "findAllByTitle": [Function],
  "findByAltText": [Function],
  "findByDisplayValue": [Function],
  "findByLabelText": [Function],
  "findByPlaceholderText": [Function],
  "findByRole": [Function],
  "findByTestId": [Function],
  "findByText": [Function],
  "findByTitle": [Function],
  "getAllByAltText": [Function],
  "getAllByDisplayValue": [Function],
  "getAllByLabelText": [Function],
  "getAllByPlaceholderText": [Function],
  "getAllByRole": [Function],
  "getAllByTestId": [Function],
  "getAllByText": [Function],
  "getAllByTitle": [Function],
  "getByAltText": [Function],
  "getByDisplayValue": [Function],
  "getByLabelText": [Function],
  "getByPlaceholderText": [Function],
  "getByRole": [Function],
  "getByTestId": [Function],
  "getByText": [Function],
  "getByTitle": [Function],
  "queryAllByAltText": [Function],
  "queryAllByDisplayValue": [Function],
  "queryAllByLabelText": [Function],
  "queryAllByPlaceholderText": [Function],
  "queryAllByRole": [Function],
  "queryAllByTestId": [Function],
  "queryAllByText": [Function],
  "queryAllByTitle": [Function],
  "queryByAltText": [Function],
  "queryByDisplayValue": [Function],
  "queryByLabelText": [Function],
  "queryByPlaceholderText": [Function],
  "queryByRole": [Function],
  "queryByTestId": [Function],
  "queryByText": [Function],
  "queryByTitle": [Function],
  "rerender": [Function],
  "unmount": [Function],
}
`;
