// Jest Snapshot v1, https://goo.gl/fbAQLP

exports[`should render Tasks/Task component 1`] = `
Object {
  "asFragment": [Function],
  "baseElement": <body>
    <div>
      <div
        class="mt-3 border border-3 shadow rounded p-3 bg-light"
      >
        <h3>
          Task Title
           
        </h3>
        <div
          class="mb-3"
        >
          <span>
            <span
              class=""
            >
              Task Description
            </span>
          </span>
        </div>
        <p
          class="text-capitalize"
        >
          Priority: 
          medium
        </p>
        <div />
        <div
          class="task-actions"
        >
          <div
            class="dropdown-menu-header dropdown btn-group"
            role="group"
          >
            <button
              aria-expanded="false"
              class="dropdown-toggle btn btn-primary btn-sm"
              disabled=""
              type="button"
            >
              Move to other column
            </button>
          </div>
          <button
            class="btn btn-danger btn-sm"
            type="button"
          >
            Unassign Me
          </button>
          <button
            class="btn btn-danger btn-sm"
            type="button"
          >
            Leave only me
          </button>
        </div>
      </div>
    </div>
  </body>,
  "container": <div>
    <div
      class="mt-3 border border-3 shadow rounded p-3 bg-light"
    >
      <h3>
        Task Title
         
      </h3>
      <div
        class="mb-3"
      >
        <span>
          <span
            class=""
          >
            Task Description
          </span>
        </span>
      </div>
      <p
        class="text-capitalize"
      >
        Priority: 
        medium
      </p>
      <div />
      <div
        class="task-actions"
      >
        <div
          class="dropdown-menu-header dropdown btn-group"
          role="group"
        >
          <button
            aria-expanded="false"
            class="dropdown-toggle btn btn-primary btn-sm"
            disabled=""
            type="button"
          >
            Move to other column
          </button>
        </div>
        <button
          class="btn btn-danger btn-sm"
          type="button"
        >
          Unassign Me
        </button>
        <button
          class="btn btn-danger btn-sm"
          type="button"
        >
          Leave only me
        </button>
      </div>
    </div>
  </div>,
  "debug": [Function],
  "findAllByAltText": [Function],
  "findAllByDisplayValue": [Function],
  "findAllByLabelText": [Function],
  "findAllByPlaceholderText": [Function],
  "findAllByRole": [Function],
  "findAllByTestId": [Function],
  "findAllByText": [Function],
  "findAllByTitle": [Function],
  "findByAltText": [Function],
  "findByDisplayValue": [Function],
  "findByLabelText": [Function],
  "findByPlaceholderText": [Function],
  "findByRole": [Function],
  "findByTestId": [Function],
  "findByText": [Function],
  "findByTitle": [Function],
  "getAllByAltText": [Function],
  "getAllByDisplayValue": [Function],
  "getAllByLabelText": [Function],
  "getAllByPlaceholderText": [Function],
  "getAllByRole": [Function],
  "getAllByTestId": [Function],
  "getAllByText": [Function],
  "getAllByTitle": [Function],
  "getByAltText": [Function],
  "getByDisplayValue": [Function],
  "getByLabelText": [Function],
  "getByPlaceholderText": [Function],
  "getByRole": [Function],
  "getByTestId": [Function],
  "getByText": [Function],
  "getByTitle": [Function],
  "queryAllByAltText": [Function],
  "queryAllByDisplayValue": [Function],
  "queryAllByLabelText": [Function],
  "queryAllByPlaceholderText": [Function],
  "queryAllByRole": [Function],
  "queryAllByTestId": [Function],
  "queryAllByText": [Function],
  "queryAllByTitle": [Function],
  "queryByAltText": [Function],
  "queryByDisplayValue": [Function],
  "queryByLabelText": [Function],
  "queryByPlaceholderText": [Function],
  "queryByRole": [Function],
  "queryByTestId": [Function],
  "queryByText": [Function],
  "queryByTitle": [Function],
  "rerender": [Function],
  "unmount": [Function],
}
`;
